<html>
<body>
<pre>
<h1>µVision Build Log</h1>
<h2>Project:</h2>
C:\devel\keil\projects\first\first.uvproj
Project File Date:  07/21/2014

<h2>Output:</h2>
Rebuild target 'Target 1'
assembling startup_stm32f10x_md_vl.s...
compiling core_cm3.c...
compiling main.c...
compiling system_stm32f10x.c...
linking...
Program Size: Code=988 RO-data=320 RW-data=24 ZI-data=1632  
".\first.axf" - 0 Error(s), 0 Warning(s).
Load "C:\\devel\\keil\\projects\\first\\first.axf" 
Erase Done.
Programming Done.
Verify OK.
Load "C:\\devel\\keil\\projects\\first\\first.axf" 
Erase Done.
Programming Done.
Verify OK.
K.
